-A -t 127.0.1.1:443 -s mh
-a -t 127.0.1.1:443 -r 127.0.2.1:80 -g -w 0
